📡 Fetching game data from ESPN...
🎯 Building props parlay...
🏆 Building winners parlay...

🍝 **UNCLE VITO'S BETTING REPORT** 🍝
━━━━━━━━━━━━━━━━━━━━━━━━━━━━━━━━━━━━━━━━
📅 Generated: 04/01/2026 | NBA, NHL — **12** games today

🏆 **TOP PROPS (4-Leg Parlay)**
━━━━━━━━━━━━━━━━━━━━━━━━━━━━━━━━━━━━━━━━
1. Jordan Poole (WSH) - **OVER** points 19.5 @ -110
2. Tyrese Maxey (PHI) - **OVER** points 23.5 @ -110
3. Paul George (PHI) - **OVER** threes 3.5 @ -110
4. Paolo Banchero (ORL) - **OVER** points 22.5 @ -110

📈 Odds: **+1228** | 🎯 **68%** confidence

🏆 **GAME WINNERS (4-Leg Parlay)**
━━━━━━━━━━━━━━━━━━━━━━━━━━━━━━━━━━━━━━━━
1. BOS vs MIA - **BOS** (-2.5) @ -110
2. NY vs MEM - **NY**  @ 130
3. TOR vs SAC - **TOR** (-1.5) @ -110
4. IND vs CHI - **IND**  @ 130

📈 Odds: **+1828** | 🎯 **68%** confidence

━━━━━━━━━━━━━━━━━━━━━━━━━━━━━━━━━━━━━━━━
⚠️ _Do your own homework. Uncle Vito don't miss._
📡 Fetching game data from ESPN...
🎯 Building props parlay...
🏆 Building winners parlay...

🍝 **UNCLE VITO'S BETTING REPORT** 🍝
━━━━━━━━━━━━━━━━━━━━━━━━━━━━━━━━━━━━━━━━
📅 Generated: 04/01/2026 | NBA, NHL — **12** games today

🏆 **TOP PROPS (4-Leg Parlay)**
━━━━━━━━━━━━━━━━━━━━━━━━━━━━━━━━━━━━━━━━
1. Jordan Poole (WSH) - **OVER** points 19.5 @ -110
2. Tyrese Maxey (PHI) - **OVER** points 23.5 @ -110
3. Paul George (PHI) - **OVER** threes 3.5 @ -110
4. Paolo Banchero (ORL) - **OVER** points 22.5 @ -110

📈 Odds: **+1228** | 🎯 **68%** confidence

🏆 **GAME WINNERS (4-Leg Parlay)**
━━━━━━━━━━━━━━━━━━━━━━━━━━━━━━━━━━━━━━━━
1. MIA vs BOS - **MIA**  @ -150
2. NY vs MEM - **NY** (-1.5) @ -110
3. TOR vs SAC - **TOR**  @ -150
4. IND vs CHI - **IND**  @ 130

📈 Odds: **+1119** | 🎯 **68%** confidence

━━━━━━━━━━━━━━━━━━━━━━━━━━━━━━━━━━━━━━━━
⚠️ _Do your own homework. Uncle Vito don't miss._
📡 Fetching game data from ESPN...
🎯 Building props parlay...
🏆 Building winners parlay...

🍝 **UNCLE VITO'S BETTING REPORT** 🍝
━━━━━━━━━━━━━━━━━━━━━━━━━━━━━━━━━━━━━━━━
📅 Generated: 04/01/2026 | NBA, NHL — **12** games today

🏆 **TOP PROPS (4-Leg Parlay)**
━━━━━━━━━━━━━━━━━━━━━━━━━━━━━━━━━━━━━━━━
1. Jordan Poole (WSH) - **OVER** points 19.5 @ -110
2. Tyrese Maxey (PHI) - **OVER** points 23.5 @ -110
3. Paul George (PHI) - **OVER** threes 3.5 @ -110
4. Paolo Banchero (ORL) - **UNDER** points 22.5 @ -110

📈 Odds: **+1228** | 🎯 **68%** confidence

🏆 **GAME WINNERS (4-Leg Parlay)**
━━━━━━━━━━━━━━━━━━━━━━━━━━━━━━━━━━━━━━━━
1. NY vs MEM - **NY** (-1.5) @ -110
2. TOR vs SAC - **TOR**  @ -150
3. CHI vs IND - **CHI** (-5.5) @ -110
4. MIL vs HOU - **MIL**  @ 130

📈 Odds: **+1297** | 🎯 **68%** confidence

━━━━━━━━━━━━━━━━━━━━━━━━━━━━━━━━━━━━━━━━
⚠️ _Do your own homework. Uncle Vito don't miss._
📡 Fetching game data from ESPN...
🎯 Building props parlay...
🏆 Building winners parlay...

🍝 **UNCLE VITO'S BETTING REPORT** 🍝
━━━━━━━━━━━━━━━━━━━━━━━━━━━━━━━━━━━━━━━━
📅 Generated: 04/02/2026 | NBA, NHL — **20** games today

🏆 **TOP PROPS (4-Leg Parlay)**
━━━━━━━━━━━━━━━━━━━━━━━━━━━━━━━━━━━━━━━━
1. LaMelo Ball (CHA) - **OVER** points 23.5 @ -110
2. Miles Bridges (CHA) - **OVER** rebounds 5.5 @ -110
3. Kevin Durant (PHX) - **OVER** points 26.5 @ -110
4. Devin Booker (PHX) - **OVER** threes 3.5 @ -110

📈 Odds: **+1228** | 🎯 **68%** confidence

🏆 **GAME WINNERS (4-Leg Parlay)**
━━━━━━━━━━━━━━━━━━━━━━━━━━━━━━━━━━━━━━━━
1. PHX vs CHA - **PHX**  @ 130
2. MIN vs DET - **MIN** (-1.5) @ -110
3. OKC vs LAL - **OKC** (-1.5) @ -110
4. GS vs CLE - **GS**  @ -150

📈 Odds: **+1297** | 🎯 **68%** confidence

━━━━━━━━━━━━━━━━━━━━━━━━━━━━━━━━━━━━━━━━
⚠️ _Do your own homework. Uncle Vito don't miss._
📡 Fetching game data from ESPN...
🎯 Building props parlay...
🏆 Building winners parlay...

🍝 **UNCLE VITO'S BETTING REPORT** 🍝
━━━━━━━━━━━━━━━━━━━━━━━━━━━━━━━━━━━━━━━━
📅 Generated: 04/02/2026 | NBA, NHL — **20** games today

🏆 **TOP PROPS (4-Leg Parlay)**
━━━━━━━━━━━━━━━━━━━━━━━━━━━━━━━━━━━━━━━━
1. LaMelo Ball (CHA) - **OVER** points 23.5 @ -110
2. Miles Bridges (CHA) - **OVER** rebounds 5.5 @ -110
3. Kevin Durant (PHX) - **OVER** points 26.5 @ -110
4. Devin Booker (PHX) - **OVER** threes 3.5 @ -110

📈 Odds: **+1228** | 🎯 **68%** confidence

🏆 **GAME WINNERS (4-Leg Parlay)**
━━━━━━━━━━━━━━━━━━━━━━━━━━━━━━━━━━━━━━━━
1. CHA vs PHX - **CHA** (-1.5) @ -110
2. DET vs MIN - **DET**  @ -150
3. OKC vs LAL - **OKC** (-3.5) @ -110
4. GS vs CLE - **GS** (-5.5) @ -110

📈 Odds: **+1059** | 🎯 **68%** confidence

━━━━━━━━━━━━━━━━━━━━━━━━━━━━━━━━━━━━━━━━
⚠️ _Do your own homework. Uncle Vito don't miss._
📡 Fetching game data from ESPN...
🎯 Building props parlay...
🏆 Building winners parlay...

🍝 **UNCLE VITO'S BETTING REPORT** 🍝
━━━━━━━━━━━━━━━━━━━━━━━━━━━━━━━━━━━━━━━━
📅 Generated: 04/02/2026 | NBA, NHL — **20** games today

🏆 **TOP PROPS (4-Leg Parlay)**
━━━━━━━━━━━━━━━━━━━━━━━━━━━━━━━━━━━━━━━━
1. LaMelo Ball (CHA) - **OVER** points 23.5 @ -110
2. Miles Bridges (CHA) - **OVER** rebounds 5.5 @ -110
3. Kevin Durant (PHX) - **OVER** points 26.5 @ -110
4. Devin Booker (PHX) - **OVER** threes 3.5 @ -110

📈 Odds: **+1228** | 🎯 **68%** confidence

🏆 **GAME WINNERS (4-Leg Parlay)**
━━━━━━━━━━━━━━━━━━━━━━━━━━━━━━━━━━━━━━━━
1. CHA vs PHX - **CHA** (-3.5) @ -110
2. DET vs MIN - **DET** (-4.5) @ -110
3. OKC vs LAL - **OKC**  @ -150
4. CLE vs GS - **CLE** (-3.5) @ -110

📈 Odds: **+1059** | 🎯 **68%** confidence

━━━━━━━━━━━━━━━━━━━━━━━━━━━━━━━━━━━━━━━━
⚠️ _Do your own homework. Uncle Vito don't miss._
📡 Fetching game data from ESPN...
🎯 Building props parlay...
🏆 Building winners parlay...

🍝 **UNCLE VITO'S BETTING REPORT** 🍝
━━━━━━━━━━━━━━━━━━━━━━━━━━━━━━━━━━━━━━━━
📅 Generated: 04/02/2026 | NBA, NHL — **20** games today

🏆 **TOP PROPS (4-Leg Parlay)**
━━━━━━━━━━━━━━━━━━━━━━━━━━━━━━━━━━━━━━━━
1. LaMelo Ball (CHA) - **OVER** points 23.5 @ -110
2. Miles Bridges (CHA) - **OVER** rebounds 5.5 @ -110
3. Kevin Durant (PHX) - **UNDER** points 26.5 @ -110
4. Devin Booker (PHX) - **UNDER** threes 3.5 @ -110

📈 Odds: **+1228** | 🎯 **68%** confidence

🏆 **GAME WINNERS (4-Leg Parlay)**
━━━━━━━━━━━━━━━━━━━━━━━━━━━━━━━━━━━━━━━━
1. PHX vs CHA - **PHX**  @ 130
2. DET vs MIN - **DET**  @ -150
3. OKC vs LAL - **OKC** (-2.5) @ -110
4. GS vs CLE - **GS**  @ -150

📈 Odds: **+1119** | 🎯 **68%** confidence

━━━━━━━━━━━━━━━━━━━━━━━━━━━━━━━━━━━━━━━━
⚠️ _Do your own homework. Uncle Vito don't miss._
📡 Fetching game data from ESPN...
🎯 Building props parlay...
🏆 Building winners parlay...

🍝 **UNCLE VITO'S BETTING REPORT** 🍝
━━━━━━━━━━━━━━━━━━━━━━━━━━━━━━━━━━━━━━━━
📅 Generated: 04/02/2026 | NBA, NHL — **20** games today

🏆 **TOP PROPS (4-Leg Parlay)**
━━━━━━━━━━━━━━━━━━━━━━━━━━━━━━━━━━━━━━━━
1. LaMelo Ball (CHA) - **OVER** points 23.5 @ -110
2. Miles Bridges (CHA) - **OVER** rebounds 5.5 @ -110
3. Kevin Durant (PHX) - **OVER** points 26.5 @ -110
4. Devin Booker (PHX) - **OVER** threes 3.5 @ -110

📈 Odds: **+1228** | 🎯 **68%** confidence

🏆 **GAME WINNERS (4-Leg Parlay)**
━━━━━━━━━━━━━━━━━━━━━━━━━━━━━━━━━━━━━━━━
1. CHA vs PHX - **CHA** (-3.5) @ -110
2. DET vs MIN - **DET**  @ -150
3. OKC vs LAL - **OKC**  @ -150
4. GS vs CLE - **GS** (-5.5) @ -110

📈 Odds: **+912** | 🎯 **68%** confidence

━━━━━━━━━━━━━━━━━━━━━━━━━━━━━━━━━━━━━━━━
⚠️ _Do your own homework. Uncle Vito don't miss._
📡 Fetching game data from ESPN...
🎯 Building props parlay...
🏆 Building winners parlay...

🍝 **UNCLE VITO'S BETTING REPORT** 🍝
━━━━━━━━━━━━━━━━━━━━━━━━━━━━━━━━━━━━━━━━
📅 Generated: 04/02/2026 | NBA, NHL — **20** games today

🏆 **TOP PROPS (4-Leg Parlay)**
━━━━━━━━━━━━━━━━━━━━━━━━━━━━━━━━━━━━━━━━
1. LaMelo Ball (CHA) - **UNDER** points 23.5 @ -110
2. Miles Bridges (CHA) - **UNDER** rebounds 5.5 @ -110
3. Kevin Durant (PHX) - **UNDER** points 26.5 @ -110
4. Devin Booker (PHX) - **UNDER** threes 3.5 @ -110

📈 Odds: **+1228** | 🎯 **68%** confidence

🏆 **GAME WINNERS (4-Leg Parlay)**
━━━━━━━━━━━━━━━━━━━━━━━━━━━━━━━━━━━━━━━━
1. PHX vs CHA - **PHX** (-5.5) @ -110
2. MIN vs DET - **MIN** (-5.5) @ -110
3. OKC vs LAL - **OKC** (-6.5) @ -110
4. GS vs CLE - **GS**  @ -150

📈 Odds: **+1059** | 🎯 **68%** confidence

━━━━━━━━━━━━━━━━━━━━━━━━━━━━━━━━━━━━━━━━
⚠️ _Do your own homework. Uncle Vito don't miss._
📡 Fetching game data from ESPN...
🎯 Building props parlay...
🏆 Building winners parlay...

🍝 **UNCLE VITO'S BETTING REPORT** 🍝
━━━━━━━━━━━━━━━━━━━━━━━━━━━━━━━━━━━━━━━━
📅 Generated: 04/02/2026 | NBA, NHL — **20** games today

🏆 **TOP PROPS (4-Leg Parlay)**
━━━━━━━━━━━━━━━━━━━━━━━━━━━━━━━━━━━━━━━━
1. LaMelo Ball (CHA) - **OVER** points 23.5 @ -110
2. Miles Bridges (CHA) - **OVER** rebounds 5.5 @ -110
3. Kevin Durant (PHX) - **UNDER** points 26.5 @ -110
4. Devin Booker (PHX) - **UNDER** threes 3.5 @ -110

📈 Odds: **+1228** | 🎯 **68%** confidence

🏆 **GAME WINNERS (4-Leg Parlay)**
━━━━━━━━━━━━━━━━━━━━━━━━━━━━━━━━━━━━━━━━
1. CHA vs PHX - **CHA**  @ -150
2. DET vs MIN - **DET** (-3.5) @ -110
3. OKC vs LAL - **OKC**  @ -150
4. GS vs CLE - **GS** (-4.5) @ -110

📈 Odds: **+912** | 🎯 **68%** confidence

━━━━━━━━━━━━━━━━━━━━━━━━━━━━━━━━━━━━━━━━
⚠️ _Do your own homework. Uncle Vito don't miss._
📡 Fetching game data from ESPN...
🎯 Building props parlay...
🏆 Building winners parlay...

🍝 **UNCLE VITO'S BETTING REPORT** 🍝
━━━━━━━━━━━━━━━━━━━━━━━━━━━━━━━━━━━━━━━━
📅 Generated: 04/02/2026 | NBA, NHL — **20** games today

🏆 **TOP PROPS (4-Leg Parlay)**
━━━━━━━━━━━━━━━━━━━━━━━━━━━━━━━━━━━━━━━━
1. LaMelo Ball (CHA) - **OVER** points 23.5 @ -110
2. Miles Bridges (CHA) - **OVER** rebounds 5.5 @ -110
3. Kevin Durant (PHX) - **OVER** points 26.5 @ -110
4. Devin Booker (PHX) - **OVER** threes 3.5 @ -110

📈 Odds: **+1228** | 🎯 **68%** confidence

🏆 **GAME WINNERS (4-Leg Parlay)**
━━━━━━━━━━━━━━━━━━━━━━━━━━━━━━━━━━━━━━━━
1. CHA vs PHX - **CHA**  @ -150
2. DET vs MIN - **DET**  @ -150
3. OKC vs LAL - **OKC** (-4.5) @ -110
4. CLE vs GS - **CLE**  @ 130

📈 Odds: **+1119** | 🎯 **68%** confidence

━━━━━━━━━━━━━━━━━━━━━━━━━━━━━━━━━━━━━━━━
⚠️ _Do your own homework. Uncle Vito don't miss._
📡 Fetching game data from ESPN...
🎯 Building props parlay...
🏆 Building winners parlay...

🍝 **UNCLE VITO'S BETTING REPORT** 🍝
━━━━━━━━━━━━━━━━━━━━━━━━━━━━━━━━━━━━━━━━
📅 Generated: 04/02/2026 | NBA, NHL — **20** games today

🏆 **TOP PROPS (4-Leg Parlay)**
━━━━━━━━━━━━━━━━━━━━━━━━━━━━━━━━━━━━━━━━
1. LaMelo Ball (CHA) - **UNDER** points 23.5 @ -110
2. Miles Bridges (CHA) - **UNDER** rebounds 5.5 @ -110
3. Kevin Durant (PHX) - **UNDER** points 26.5 @ -110
4. Devin Booker (PHX) - **UNDER** threes 3.5 @ -110

📈 Odds: **+1228** | 🎯 **68%** confidence

🏆 **GAME WINNERS (4-Leg Parlay)**
━━━━━━━━━━━━━━━━━━━━━━━━━━━━━━━━━━━━━━━━
1. PHX vs CHA - **PHX**  @ 130
2. DET vs MIN - **DET**  @ -150
3. OKC vs LAL - **OKC**  @ -150
4. CLE vs GS - **CLE** (-4.5) @ -110

📈 Odds: **+1119** | 🎯 **68%** confidence

━━━━━━━━━━━━━━━━━━━━━━━━━━━━━━━━━━━━━━━━
⚠️ _Do your own homework. Uncle Vito don't miss._
📡 Fetching game data from ESPN...
🎯 Building props parlay...
🏆 Building winners parlay...

🍝 **UNCLE VITO'S BETTING REPORT** 🍝
━━━━━━━━━━━━━━━━━━━━━━━━━━━━━━━━━━━━━━━━
📅 Generated: 04/02/2026 | NBA, NHL — **20** games today

🏆 **TOP PROPS (4-Leg Parlay)**
━━━━━━━━━━━━━━━━━━━━━━━━━━━━━━━━━━━━━━━━
1. LaMelo Ball (CHA) - **OVER** points 23.5 @ -110
2. Miles Bridges (CHA) - **OVER** rebounds 5.5 @ -110
3. Kevin Durant (PHX) - **UNDER** points 26.5 @ -110
4. Devin Booker (PHX) - **UNDER** threes 3.5 @ -110

📈 Odds: **+1228** | 🎯 **68%** confidence

🏆 **GAME WINNERS (4-Leg Parlay)**
━━━━━━━━━━━━━━━━━━━━━━━━━━━━━━━━━━━━━━━━
1. CHA vs PHX - **CHA**  @ -150
2. DET vs MIN - **DET**  @ -150
3. OKC vs LAL - **OKC**  @ -150
4. GS vs CLE - **GS** (-4.5) @ -110

📈 Odds: **+783** | 🎯 **68%** confidence

━━━━━━━━━━━━━━━━━━━━━━━━━━━━━━━━━━━━━━━━
⚠️ _Do your own homework. Uncle Vito don't miss._
📡 Fetching game data from ESPN...
🎯 Building props parlay...
🏆 Building winners parlay...

🍝 **UNCLE VITO'S BETTING REPORT** 🍝
━━━━━━━━━━━━━━━━━━━━━━━━━━━━━━━━━━━━━━━━
📅 Generated: 04/02/2026 | NBA, NHL — **20** games today

🏆 **TOP PROPS (4-Leg Parlay)**
━━━━━━━━━━━━━━━━━━━━━━━━━━━━━━━━━━━━━━━━
1. LaMelo Ball (CHA) - **OVER** points 23.5 @ -110
2. Miles Bridges (CHA) - **OVER** rebounds 5.5 @ -110
3. Kevin Durant (PHX) - **UNDER** points 26.5 @ -110
4. Devin Booker (PHX) - **UNDER** threes 3.5 @ -110

📈 Odds: **+1228** | 🎯 **68%** confidence

🏆 **GAME WINNERS (4-Leg Parlay)**
━━━━━━━━━━━━━━━━━━━━━━━━━━━━━━━━━━━━━━━━
1. CHA vs PHX - **CHA** (-4.5) @ -110
2. DET vs MIN - **DET**  @ -150
3. LAL vs OKC - **LAL**  @ 130
4. CLE vs GS - **CLE** (-3.5) @ -110

📈 Odds: **+1297** | 🎯 **68%** confidence

━━━━━━━━━━━━━━━━━━━━━━━━━━━━━━━━━━━━━━━━
⚠️ _Do your own homework. Uncle Vito don't miss._
📡 Fetching game data from ESPN...
🎯 Building props parlay...
🏆 Building winners parlay...

🍝 **UNCLE VITO'S BETTING REPORT** 🍝
━━━━━━━━━━━━━━━━━━━━━━━━━━━━━━━━━━━━━━━━
📅 Generated: 04/02/2026 | NBA, NHL — **20** games today

🏆 **TOP PROPS (4-Leg Parlay)**
━━━━━━━━━━━━━━━━━━━━━━━━━━━━━━━━━━━━━━━━
1. LaMelo Ball (CHA) - **OVER** points 23.5 @ -110
2. Miles Bridges (CHA) - **OVER** rebounds 5.5 @ -110
3. Kevin Durant (PHX) - **OVER** points 26.5 @ -110
4. Devin Booker (PHX) - **OVER** threes 3.5 @ -110

📈 Odds: **+1228** | 🎯 **68%** confidence

🏆 **GAME WINNERS (4-Leg Parlay)**
━━━━━━━━━━━━━━━━━━━━━━━━━━━━━━━━━━━━━━━━
1. CHA vs PHX - **CHA**  @ -150
2. DET vs MIN - **DET**  @ -150
3. LAL vs OKC - **LAL**  @ 130
4. GS vs CLE - **GS** (-3.5) @ -110

📈 Odds: **+1119** | 🎯 **68%** confidence

━━━━━━━━━━━━━━━━━━━━━━━━━━━━━━━━━━━━━━━━
⚠️ _Do your own homework. Uncle Vito don't miss._
📡 Fetching game data from ESPN...
🎯 Building props parlay...
🏆 Building winners parlay...

🍝 **UNCLE VITO'S BETTING REPORT** 🍝
━━━━━━━━━━━━━━━━━━━━━━━━━━━━━━━━━━━━━━━━
📅 Generated: 04/02/2026 | NBA, NHL — **20** games today

🏆 **TOP PROPS (4-Leg Parlay)**
━━━━━━━━━━━━━━━━━━━━━━━━━━━━━━━━━━━━━━━━
1. LaMelo Ball (CHA) - **OVER** points 23.5 @ -110
2. Miles Bridges (CHA) - **OVER** rebounds 5.5 @ -110
3. Kevin Durant (PHX) - **OVER** points 26.5 @ -110
4. Devin Booker (PHX) - **OVER** threes 3.5 @ -110

📈 Odds: **+1228** | 🎯 **68%** confidence

🏆 **GAME WINNERS (4-Leg Parlay)**
━━━━━━━━━━━━━━━━━━━━━━━━━━━━━━━━━━━━━━━━
1. CHA vs PHX - **CHA** (-1.5) @ -110
2. MIN vs DET - **MIN**  @ 130
3. LAL vs OKC - **LAL** (-1.5) @ -110
4. GS vs CLE - **GS**  @ -150

📈 Odds: **+1297** | 🎯 **68%** confidence

━━━━━━━━━━━━━━━━━━━━━━━━━━━━━━━━━━━━━━━━
⚠️ _Do your own homework. Uncle Vito don't miss._
📡 Fetching game data from ESPN...
🎯 Building props parlay...
🏆 Building winners parlay...

🍝 **UNCLE VITO'S BETTING REPORT** 🍝
━━━━━━━━━━━━━━━━━━━━━━━━━━━━━━━━━━━━━━━━
📅 Generated: 04/02/2026 | NBA, NHL — **20** games today

🏆 **TOP PROPS (4-Leg Parlay)**
━━━━━━━━━━━━━━━━━━━━━━━━━━━━━━━━━━━━━━━━
1. LaMelo Ball (CHA) - **OVER** points 23.5 @ -110
2. Miles Bridges (CHA) - **OVER** rebounds 5.5 @ -110
3. Kevin Durant (PHX) - **OVER** points 26.5 @ -110
4. Devin Booker (PHX) - **OVER** threes 3.5 @ -110

📈 Odds: **+1228** | 🎯 **68%** confidence

🏆 **GAME WINNERS (4-Leg Parlay)**
━━━━━━━━━━━━━━━━━━━━━━━━━━━━━━━━━━━━━━━━
1. CHA vs PHX - **CHA** (-1.5) @ -110
2. DET vs MIN - **DET**  @ -150
3. OKC vs LAL - **OKC** (-5.5) @ -110
4. CLE vs GS - **CLE**  @ 130

📈 Odds: **+1297** | 🎯 **68%** confidence

━━━━━━━━━━━━━━━━━━━━━━━━━━━━━━━━━━━━━━━━
⚠️ _Do your own homework. Uncle Vito don't miss._
📡 Fetching game data from ESPN...
🎯 Building props parlay...
🏆 Building winners parlay...

🍝 **UNCLE VITO'S BETTING REPORT** 🍝
━━━━━━━━━━━━━━━━━━━━━━━━━━━━━━━━━━━━━━━━
📅 Generated: 04/02/2026 | NBA, NHL — **20** games today

🏆 **TOP PROPS (4-Leg Parlay)**
━━━━━━━━━━━━━━━━━━━━━━━━━━━━━━━━━━━━━━━━
1. LaMelo Ball (CHA) - **OVER** points 23.5 @ -110
2. Miles Bridges (CHA) - **OVER** rebounds 5.5 @ -110
3. Kevin Durant (PHX) - **OVER** points 26.5 @ -110
4. Devin Booker (PHX) - **OVER** threes 3.5 @ -110

📈 Odds: **+1228** | 🎯 **68%** confidence

🏆 **GAME WINNERS (4-Leg Parlay)**
━━━━━━━━━━━━━━━━━━━━━━━━━━━━━━━━━━━━━━━━
1. PHX vs CHA - **PHX**  @ 130
2. MIN vs DET - **MIN** (-2.5) @ -110
3. OKC vs LAL - **OKC**  @ -150
4. GS vs CLE - **GS**  @ -150

📈 Odds: **+1119** | 🎯 **68%** confidence

━━━━━━━━━━━━━━━━━━━━━━━━━━━━━━━━━━━━━━━━
⚠️ _Do your own homework. Uncle Vito don't miss._
📡 Fetching game data from ESPN...
🎯 Building props parlay...
🏆 Building winners parlay...

🍝 **UNCLE VITO'S BETTING REPORT** 🍝
━━━━━━━━━━━━━━━━━━━━━━━━━━━━━━━━━━━━━━━━
📅 Generated: 04/02/2026 | NBA, NHL — **20** games today

🏆 **TOP PROPS (4-Leg Parlay)**
━━━━━━━━━━━━━━━━━━━━━━━━━━━━━━━━━━━━━━━━
1. LaMelo Ball (CHA) - **OVER** points 23.5 @ -110
2. Miles Bridges (CHA) - **OVER** rebounds 5.5 @ -110
3. Kevin Durant (PHX) - **OVER** points 26.5 @ -110
4. Devin Booker (PHX) - **OVER** threes 3.5 @ -110

📈 Odds: **+1228** | 🎯 **68%** confidence

🏆 **GAME WINNERS (4-Leg Parlay)**
━━━━━━━━━━━━━━━━━━━━━━━━━━━━━━━━━━━━━━━━
1. PHX vs CHA - **PHX**  @ 130
2. MIN vs DET - **MIN** (-3.5) @ -110
3. LAL vs OKC - **LAL** (-5.5) @ -110
4. GS vs CLE - **GS**  @ -150

📈 Odds: **+1297** | 🎯 **68%** confidence

━━━━━━━━━━━━━━━━━━━━━━━━━━━━━━━━━━━━━━━━
⚠️ _Do your own homework. Uncle Vito don't miss._
📡 Fetching game data from ESPN...
🎯 Building props parlay...
🏆 Building winners parlay...

🍝 **UNCLE VITO'S BETTING REPORT** 🍝
━━━━━━━━━━━━━━━━━━━━━━━━━━━━━━━━━━━━━━━━
📅 Generated: 04/02/2026 | NBA, NHL — **20** games today

🏆 **TOP PROPS (4-Leg Parlay)**
━━━━━━━━━━━━━━━━━━━━━━━━━━━━━━━━━━━━━━━━
1. LaMelo Ball (CHA) - **UNDER** points 23.5 @ -110
2. Miles Bridges (CHA) - **UNDER** rebounds 5.5 @ -110
3. Kevin Durant (PHX) - **OVER** points 26.5 @ -110
4. Devin Booker (PHX) - **OVER** threes 3.5 @ -110

📈 Odds: **+1228** | 🎯 **68%** confidence

🏆 **GAME WINNERS (4-Leg Parlay)**
━━━━━━━━━━━━━━━━━━━━━━━━━━━━━━━━━━━━━━━━
1. CHA vs PHX - **CHA** (-4.5) @ -110
2. DET vs MIN - **DET**  @ -150
3. OKC vs LAL - **OKC** (-2.5) @ -110
4. CLE vs GS - **CLE** (-5.5) @ -110

📈 Odds: **+1059** | 🎯 **68%** confidence

━━━━━━━━━━━━━━━━━━━━━━━━━━━━━━━━━━━━━━━━
⚠️ _Do your own homework. Uncle Vito don't miss._
📡 Fetching game data from ESPN...
🎯 Building props parlay...
🏆 Building winners parlay...

🍝 **UNCLE VITO'S BETTING REPORT** 🍝
━━━━━━━━━━━━━━━━━━━━━━━━━━━━━━━━━━━━━━━━
📅 Generated: 04/02/2026 | NBA, NHL — **20** games today

🏆 **TOP PROPS (4-Leg Parlay)**
━━━━━━━━━━━━━━━━━━━━━━━━━━━━━━━━━━━━━━━━
1. LaMelo Ball (CHA) - **UNDER** points 23.5 @ -110
2. Miles Bridges (CHA) - **UNDER** rebounds 5.5 @ -110
3. Kevin Durant (PHX) - **OVER** points 26.5 @ -110
4. Devin Booker (PHX) - **OVER** threes 3.5 @ -110

📈 Odds: **+1228** | 🎯 **68%** confidence

🏆 **GAME WINNERS (4-Leg Parlay)**
━━━━━━━━━━━━━━━━━━━━━━━━━━━━━━━━━━━━━━━━
1. PHX vs CHA - **PHX** (-2.5) @ -110
2. MIN vs DET - **MIN** (-1.5) @ -110
3. OKC vs LAL - **OKC** (-5.5) @ -110
4. CLE vs GS - **CLE**  @ 130

📈 Odds: **+1500** | 🎯 **68%** confidence

━━━━━━━━━━━━━━━━━━━━━━━━━━━━━━━━━━━━━━━━
⚠️ _Do your own homework. Uncle Vito don't miss._
📡 Fetching game data from ESPN...
🎯 Building props parlay...
🏆 Building winners parlay...

🍝 **UNCLE VITO'S BETTING REPORT** 🍝
━━━━━━━━━━━━━━━━━━━━━━━━━━━━━━━━━━━━━━━━
📅 Generated: 04/02/2026 | NBA, NHL — **20** games today

🏆 **TOP PROPS (4-Leg Parlay)**
━━━━━━━━━━━━━━━━━━━━━━━━━━━━━━━━━━━━━━━━
1. LaMelo Ball (CHA) - **OVER** points 23.5 @ -110
2. Miles Bridges (CHA) - **OVER** rebounds 5.5 @ -110
3. Kevin Durant (PHX) - **OVER** points 26.5 @ -110
4. Devin Booker (PHX) - **OVER** threes 3.5 @ -110

📈 Odds: **+1228** | 🎯 **68%** confidence

🏆 **GAME WINNERS (4-Leg Parlay)**
━━━━━━━━━━━━━━━━━━━━━━━━━━━━━━━━━━━━━━━━
1. CHA vs PHX - **CHA**  @ -150
2. DET vs MIN - **DET** (-6.5) @ -110
3. OKC vs LAL - **OKC**  @ -150
4. GS vs CLE - **GS**  @ -150

📈 Odds: **+783** | 🎯 **68%** confidence

━━━━━━━━━━━━━━━━━━━━━━━━━━━━━━━━━━━━━━━━
⚠️ _Do your own homework. Uncle Vito don't miss._
📡 Fetching game data from ESPN...
🎯 Building props parlay...
🏆 Building winners parlay...

🍝 **UNCLE VITO'S BETTING REPORT** 🍝
━━━━━━━━━━━━━━━━━━━━━━━━━━━━━━━━━━━━━━━━
📅 Generated: 04/02/2026 | NBA, NHL — **20** games today

🏆 **TOP PROPS (4-Leg Parlay)**
━━━━━━━━━━━━━━━━━━━━━━━━━━━━━━━━━━━━━━━━
1. LaMelo Ball (CHA) - **UNDER** points 23.5 @ -110
2. Miles Bridges (CHA) - **UNDER** rebounds 5.5 @ -110
3. Kevin Durant (PHX) - **UNDER** points 26.5 @ -110
4. Devin Booker (PHX) - **UNDER** threes 3.5 @ -110

📈 Odds: **+1228** | 🎯 **68%** confidence

🏆 **GAME WINNERS (4-Leg Parlay)**
━━━━━━━━━━━━━━━━━━━━━━━━━━━━━━━━━━━━━━━━
1. CHA vs PHX - **CHA**  @ -150
2. MIN vs DET - **MIN** (-6.5) @ -110
3. OKC vs LAL - **OKC** (-5.5) @ -110
4. GS vs CLE - **GS**  @ -150

📈 Odds: **+912** | 🎯 **68%** confidence

━━━━━━━━━━━━━━━━━━━━━━━━━━━━━━━━━━━━━━━━
⚠️ _Do your own homework. Uncle Vito don't miss._
📡 Fetching game data from ESPN...
🎯 Building props parlay...
🏆 Building winners parlay...

🍝 **UNCLE VITO'S BETTING REPORT** 🍝
━━━━━━━━━━━━━━━━━━━━━━━━━━━━━━━━━━━━━━━━
📅 Generated: 04/02/2026 | NBA, NHL — **20** games today

🏆 **TOP PROPS (4-Leg Parlay)**
━━━━━━━━━━━━━━━━━━━━━━━━━━━━━━━━━━━━━━━━
1. LaMelo Ball (CHA) - **OVER** points 23.5 @ -110
2. Miles Bridges (CHA) - **OVER** rebounds 5.5 @ -110
3. Kevin Durant (PHX) - **OVER** points 26.5 @ -110
4. Devin Booker (PHX) - **OVER** threes 3.5 @ -110

📈 Odds: **+1228** | 🎯 **68%** confidence

🏆 **GAME WINNERS (4-Leg Parlay)**
━━━━━━━━━━━━━━━━━━━━━━━━━━━━━━━━━━━━━━━━
1. PHX vs CHA - **PHX** (-3.5) @ -110
2. MIN vs DET - **MIN**  @ 130
3. LAL vs OKC - **LAL**  @ 130
4. CLE vs GS - **CLE** (-6.5) @ -110

📈 Odds: **+1828** | 🎯 **68%** confidence

━━━━━━━━━━━━━━━━━━━━━━━━━━━━━━━━━━━━━━━━
⚠️ _Do your own homework. Uncle Vito don't miss._
📡 Fetching game data from ESPN...
🎯 Building props parlay...
🏆 Building winners parlay...

🍝 **UNCLE VITO'S BETTING REPORT** 🍝
━━━━━━━━━━━━━━━━━━━━━━━━━━━━━━━━━━━━━━━━
📅 Generated: 04/02/2026 | NBA, NHL — **20** games today

🏆 **TOP PROPS (4-Leg Parlay)**
━━━━━━━━━━━━━━━━━━━━━━━━━━━━━━━━━━━━━━━━
1. LaMelo Ball (CHA) - **OVER** points 23.5 @ -110
2. Miles Bridges (CHA) - **OVER** rebounds 5.5 @ -110
3. Kevin Durant (PHX) - **OVER** points 26.5 @ -110
4. Devin Booker (PHX) - **OVER** threes 3.5 @ -110

📈 Odds: **+1228** | 🎯 **68%** confidence

🏆 **GAME WINNERS (4-Leg Parlay)**
━━━━━━━━━━━━━━━━━━━━━━━━━━━━━━━━━━━━━━━━
1. CHA vs PHX - **CHA**  @ -150
2. MIN vs DET - **MIN** (-4.5) @ -110
3. OKC vs LAL - **OKC**  @ -150
4. CLE vs GS - **CLE**  @ 130

📈 Odds: **+1119** | 🎯 **68%** confidence

━━━━━━━━━━━━━━━━━━━━━━━━━━━━━━━━━━━━━━━━
⚠️ _Do your own homework. Uncle Vito don't miss._
📡 Fetching game data from ESPN...
🎯 Building props parlay...
🏆 Building winners parlay...

🍝 **UNCLE VITO'S BETTING REPORT** 🍝
━━━━━━━━━━━━━━━━━━━━━━━━━━━━━━━━━━━━━━━━
📅 Generated: 04/02/2026 | NBA, NHL — **20** games today

🏆 **TOP PROPS (4-Leg Parlay)**
━━━━━━━━━━━━━━━━━━━━━━━━━━━━━━━━━━━━━━━━
1. LaMelo Ball (CHA) - **UNDER** points 23.5 @ -110
2. Miles Bridges (CHA) - **UNDER** rebounds 5.5 @ -110
3. Kevin Durant (PHX) - **OVER** points 26.5 @ -110
4. Devin Booker (PHX) - **OVER** threes 3.5 @ -110

📈 Odds: **+1228** | 🎯 **68%** confidence

🏆 **GAME WINNERS (4-Leg Parlay)**
━━━━━━━━━━━━━━━━━━━━━━━━━━━━━━━━━━━━━━━━
1. PHX vs CHA - **PHX** (-5.5) @ -110
2. MIN vs DET - **MIN**  @ 130
3. LAL vs OKC - **LAL**  @ 130
4. CLE vs GS - **CLE**  @ 130

📈 Odds: **+2222** | 🎯 **68%** confidence

━━━━━━━━━━━━━━━━━━━━━━━━━━━━━━━━━━━━━━━━
⚠️ _Do your own homework. Uncle Vito don't miss._
📡 Fetching game data from ESPN...
🎯 Building props parlay...
🏆 Building winners parlay...

🍝 **UNCLE VITO'S BETTING REPORT** 🍝
━━━━━━━━━━━━━━━━━━━━━━━━━━━━━━━━━━━━━━━━
📅 Generated: 04/02/2026 | NBA, NHL — **20** games today

🏆 **TOP PROPS (4-Leg Parlay)**
━━━━━━━━━━━━━━━━━━━━━━━━━━━━━━━━━━━━━━━━
1. LaMelo Ball (CHA) - **OVER** points 23.5 @ -110
2. Miles Bridges (CHA) - **OVER** rebounds 5.5 @ -110
3. Kevin Durant (PHX) - **OVER** points 26.5 @ -110
4. Devin Booker (PHX) - **OVER** threes 3.5 @ -110

📈 Odds: **+1228** | 🎯 **68%** confidence

🏆 **GAME WINNERS (4-Leg Parlay)**
━━━━━━━━━━━━━━━━━━━━━━━━━━━━━━━━━━━━━━━━
1. CHA vs PHX - **CHA**  @ -150
2. DET vs MIN - **DET**  @ -150
3. OKC vs LAL - **OKC**  @ -150
4. GS vs CLE - **GS** (-3.5) @ -110

📈 Odds: **+783** | 🎯 **68%** confidence

━━━━━━━━━━━━━━━━━━━━━━━━━━━━━━━━━━━━━━━━
⚠️ _Do your own homework. Uncle Vito don't miss._
📡 Fetching game data from ESPN...
🎯 Building props parlay...
🏆 Building winners parlay...

🍝 **UNCLE VITO'S BETTING REPORT** 🍝
━━━━━━━━━━━━━━━━━━━━━━━━━━━━━━━━━━━━━━━━
📅 Generated: 04/02/2026 | NBA, NHL — **20** games today

🏆 **TOP PROPS (4-Leg Parlay)**
━━━━━━━━━━━━━━━━━━━━━━━━━━━━━━━━━━━━━━━━
1. LaMelo Ball (CHA) - **OVER** points 23.5 @ -110
2. Miles Bridges (CHA) - **OVER** rebounds 5.5 @ -110
3. Kevin Durant (PHX) - **OVER** points 26.5 @ -110
4. Devin Booker (PHX) - **OVER** threes 3.5 @ -110

📈 Odds: **+1228** | 🎯 **68%** confidence

🏆 **GAME WINNERS (4-Leg Parlay)**
━━━━━━━━━━━━━━━━━━━━━━━━━━━━━━━━━━━━━━━━
1. PHX vs CHA - **PHX** (-5.5) @ -110
2. DET vs MIN - **DET** (-4.5) @ -110
3. LAL vs OKC - **LAL**  @ 130
4. GS vs CLE - **GS**  @ -150

📈 Odds: **+1297** | 🎯 **68%** confidence

━━━━━━━━━━━━━━━━━━━━━━━━━━━━━━━━━━━━━━━━
⚠️ _Do your own homework. Uncle Vito don't miss._
📡 Fetching game data from ESPN...
🎯 Building props parlay...
🏆 Building winners parlay...

🍝 **UNCLE VITO'S BETTING REPORT** 🍝
━━━━━━━━━━━━━━━━━━━━━━━━━━━━━━━━━━━━━━━━
📅 Generated: 04/02/2026 | NBA, NHL — **20** games today

🏆 **TOP PROPS (4-Leg Parlay)**
━━━━━━━━━━━━━━━━━━━━━━━━━━━━━━━━━━━━━━━━
1. LaMelo Ball (CHA) - **OVER** points 23.5 @ -110
2. Miles Bridges (CHA) - **OVER** rebounds 5.5 @ -110
3. Kevin Durant (PHX) - **UNDER** points 26.5 @ -110
4. Devin Booker (PHX) - **UNDER** threes 3.5 @ -110

📈 Odds: **+1228** | 🎯 **68%** confidence

🏆 **GAME WINNERS (4-Leg Parlay)**
━━━━━━━━━━━━━━━━━━━━━━━━━━━━━━━━━━━━━━━━
1. PHX vs CHA - **PHX**  @ 130
2. DET vs MIN - **DET**  @ -150
3. OKC vs LAL - **OKC** (-3.5) @ -110
4. GS vs CLE - **GS**  @ -150

📈 Odds: **+1119** | 🎯 **68%** confidence

━━━━━━━━━━━━━━━━━━━━━━━━━━━━━━━━━━━━━━━━
⚠️ _Do your own homework. Uncle Vito don't miss._
📡 Fetching game data from ESPN...
🎯 Building props parlay...
🏆 Building winners parlay...

🍝 **UNCLE VITO'S BETTING REPORT** 🍝
━━━━━━━━━━━━━━━━━━━━━━━━━━━━━━━━━━━━━━━━
📅 Generated: 04/02/2026 | NBA, NHL — **20** games today

🏆 **TOP PROPS (4-Leg Parlay)**
━━━━━━━━━━━━━━━━━━━━━━━━━━━━━━━━━━━━━━━━
1. LaMelo Ball (CHA) - **UNDER** points 23.5 @ -110
2. Miles Bridges (CHA) - **UNDER** rebounds 5.5 @ -110
3. Kevin Durant (PHX) - **UNDER** points 26.5 @ -110
4. Devin Booker (PHX) - **UNDER** threes 3.5 @ -110

📈 Odds: **+1228** | 🎯 **68%** confidence

🏆 **GAME WINNERS (4-Leg Parlay)**
━━━━━━━━━━━━━━━━━━━━━━━━━━━━━━━━━━━━━━━━
1. CHA vs PHX - **CHA** (-1.5) @ -110
2. DET vs MIN - **DET**  @ -150
3. LAL vs OKC - **LAL**  @ 130
4. CLE vs GS - **CLE** (-1.5) @ -110

📈 Odds: **+1297** | 🎯 **68%** confidence

━━━━━━━━━━━━━━━━━━━━━━━━━━━━━━━━━━━━━━━━
⚠️ _Do your own homework. Uncle Vito don't miss._
📡 Fetching game data from ESPN...
🎯 Building props parlay...
🏆 Building winners parlay...

🍝 **UNCLE VITO'S BETTING REPORT** 🍝
━━━━━━━━━━━━━━━━━━━━━━━━━━━━━━━━━━━━━━━━
📅 Generated: 04/02/2026 | NBA, NHL — **20** games today

🏆 **TOP PROPS (4-Leg Parlay)**
━━━━━━━━━━━━━━━━━━━━━━━━━━━━━━━━━━━━━━━━
1. LaMelo Ball (CHA) - **UNDER** points 23.5 @ -110
2. Miles Bridges (CHA) - **UNDER** rebounds 5.5 @ -110
3. Kevin Durant (PHX) - **OVER** points 26.5 @ -110
4. Devin Booker (PHX) - **OVER** threes 3.5 @ -110

📈 Odds: **+1228** | 🎯 **68%** confidence

🏆 **GAME WINNERS (4-Leg Parlay)**
━━━━━━━━━━━━━━━━━━━━━━━━━━━━━━━━━━━━━━━━
1. PHX vs CHA - **PHX**  @ 130
2. DET vs MIN - **DET**  @ -150
3. LAL vs OKC - **LAL** (-4.5) @ -110
4. CLE vs GS - **CLE**  @ 130

📈 Odds: **+1583** | 🎯 **68%** confidence

━━━━━━━━━━━━━━━━━━━━━━━━━━━━━━━━━━━━━━━━
⚠️ _Do your own homework. Uncle Vito don't miss._
📡 Fetching game data from ESPN...
🎯 Building props parlay...
🏆 Building winners parlay...

🍝 **UNCLE VITO'S BETTING REPORT** 🍝
━━━━━━━━━━━━━━━━━━━━━━━━━━━━━━━━━━━━━━━━
📅 Generated: 04/02/2026 | NBA, NHL — **20** games today

🏆 **TOP PROPS (4-Leg Parlay)**
━━━━━━━━━━━━━━━━━━━━━━━━━━━━━━━━━━━━━━━━
1. LaMelo Ball (CHA) - **OVER** points 23.5 @ -110
2. Miles Bridges (CHA) - **OVER** rebounds 5.5 @ -110
3. Kevin Durant (PHX) - **OVER** points 26.5 @ -110
4. Devin Booker (PHX) - **OVER** threes 3.5 @ -110

📈 Odds: **+1228** | 🎯 **68%** confidence

🏆 **GAME WINNERS (4-Leg Parlay)**
━━━━━━━━━━━━━━━━━━━━━━━━━━━━━━━━━━━━━━━━
1. CHA vs PHX - **CHA**  @ -150
2. MIN vs DET - **MIN**  @ 130
3. OKC vs LAL - **OKC**  @ -150
4. GS vs CLE - **GS** (-4.5) @ -110

📈 Odds: **+1119** | 🎯 **68%** confidence

━━━━━━━━━━━━━━━━━━━━━━━━━━━━━━━━━━━━━━━━
⚠️ _Do your own homework. Uncle Vito don't miss._
📡 Fetching game data from ESPN...
🎯 Building props parlay...
🏆 Building winners parlay...

🍝 **UNCLE VITO'S BETTING REPORT** 🍝
━━━━━━━━━━━━━━━━━━━━━━━━━━━━━━━━━━━━━━━━
📅 Generated: 04/02/2026 | NBA, NHL — **20** games today

🏆 **TOP PROPS (4-Leg Parlay)**
━━━━━━━━━━━━━━━━━━━━━━━━━━━━━━━━━━━━━━━━
1. LaMelo Ball (CHA) - **OVER** points 23.5 @ -110
2. Miles Bridges (CHA) - **OVER** rebounds 5.5 @ -110
3. Kevin Durant (PHX) - **OVER** points 26.5 @ -110
4. Devin Booker (PHX) - **OVER** threes 3.5 @ -110

📈 Odds: **+1228** | 🎯 **68%** confidence

🏆 **GAME WINNERS (4-Leg Parlay)**
━━━━━━━━━━━━━━━━━━━━━━━━━━━━━━━━━━━━━━━━
1. CHA vs PHX - **CHA**  @ -150
2. DET vs MIN - **DET** (-2.5) @ -110
3. OKC vs LAL - **OKC**  @ -150
4. CLE vs GS - **CLE**  @ 130

📈 Odds: **+1119** | 🎯 **68%** confidence

━━━━━━━━━━━━━━━━━━━━━━━━━━━━━━━━━━━━━━━━
⚠️ _Do your own homework. Uncle Vito don't miss._
📡 Fetching game data from ESPN...
🎯 Building props parlay...
🏆 Building winners parlay...

🍝 **UNCLE VITO'S BETTING REPORT** 🍝
━━━━━━━━━━━━━━━━━━━━━━━━━━━━━━━━━━━━━━━━
📅 Generated: 04/02/2026 | NBA, NHL — **20** games today

🏆 **TOP PROPS (4-Leg Parlay)**
━━━━━━━━━━━━━━━━━━━━━━━━━━━━━━━━━━━━━━━━
1. LaMelo Ball (CHA) - **OVER** points 23.5 @ -110
2. Miles Bridges (CHA) - **OVER** rebounds 5.5 @ -110
3. Kevin Durant (PHX) - **OVER** points 26.5 @ -110
4. Devin Booker (PHX) - **OVER** threes 3.5 @ -110

📈 Odds: **+1228** | 🎯 **68%** confidence

🏆 **GAME WINNERS (4-Leg Parlay)**
━━━━━━━━━━━━━━━━━━━━━━━━━━━━━━━━━━━━━━━━
1. PHX vs CHA - **PHX** (-6.5) @ -110
2. DET vs MIN - **DET**  @ -150
3. OKC vs LAL - **OKC**  @ -150
4. GS vs CLE - **GS** (-4.5) @ -110

📈 Odds: **+912** | 🎯 **68%** confidence

━━━━━━━━━━━━━━━━━━━━━━━━━━━━━━━━━━━━━━━━
⚠️ _Do your own homework. Uncle Vito don't miss._
📡 Fetching game data from ESPN...
🎯 Building props parlay...
🏆 Building winners parlay...

🍝 **UNCLE VITO'S BETTING REPORT** 🍝
━━━━━━━━━━━━━━━━━━━━━━━━━━━━━━━━━━━━━━━━
📅 Generated: 04/02/2026 | NBA, NHL — **20** games today

🏆 **TOP PROPS (4-Leg Parlay)**
━━━━━━━━━━━━━━━━━━━━━━━━━━━━━━━━━━━━━━━━
1. LaMelo Ball (CHA) - **OVER** points 23.5 @ -110
2. Miles Bridges (CHA) - **OVER** rebounds 5.5 @ -110
3. Kevin Durant (PHX) - **OVER** points 26.5 @ -110
4. Devin Booker (PHX) - **OVER** threes 3.5 @ -110

📈 Odds: **+1228** | 🎯 **68%** confidence

🏆 **GAME WINNERS (4-Leg Parlay)**
━━━━━━━━━━━━━━━━━━━━━━━━━━━━━━━━━━━━━━━━
1. PHX vs CHA - **PHX**  @ 130
2. DET vs MIN - **DET** (-5.5) @ -110
3. LAL vs OKC - **LAL** (-4.5) @ -110
4. GS vs CLE - **GS**  @ -150

📈 Odds: **+1297** | 🎯 **68%** confidence

━━━━━━━━━━━━━━━━━━━━━━━━━━━━━━━━━━━━━━━━
⚠️ _Do your own homework. Uncle Vito don't miss._
📡 Fetching game data from ESPN...
🎯 Building props parlay...
🏆 Building winners parlay...

🍝 **UNCLE VITO'S BETTING REPORT** 🍝
━━━━━━━━━━━━━━━━━━━━━━━━━━━━━━━━━━━━━━━━
📅 Generated: 04/02/2026 | NBA, NHL — **20** games today

🏆 **TOP PROPS (4-Leg Parlay)**
━━━━━━━━━━━━━━━━━━━━━━━━━━━━━━━━━━━━━━━━
1. LaMelo Ball (CHA) - **OVER** points 23.5 @ -110
2. Miles Bridges (CHA) - **OVER** rebounds 5.5 @ -110
3. Kevin Durant (PHX) - **OVER** points 26.5 @ -110
4. Devin Booker (PHX) - **OVER** threes 3.5 @ -110

📈 Odds: **+1228** | 🎯 **68%** confidence

🏆 **GAME WINNERS (4-Leg Parlay)**
━━━━━━━━━━━━━━━━━━━━━━━━━━━━━━━━━━━━━━━━
1. CHA vs PHX - **CHA** (-2.5) @ -110
2. MIN vs DET - **MIN**  @ 130
3. OKC vs LAL - **OKC**  @ -150
4. GS vs CLE - **GS** (-5.5) @ -110

📈 Odds: **+1297** | 🎯 **68%** confidence

━━━━━━━━━━━━━━━━━━━━━━━━━━━━━━━━━━━━━━━━
⚠️ _Do your own homework. Uncle Vito don't miss._
📡 Fetching game data from ESPN...
🎯 Building props parlay...
🏆 Building winners parlay...

🍝 **UNCLE VITO'S BETTING REPORT** 🍝
━━━━━━━━━━━━━━━━━━━━━━━━━━━━━━━━━━━━━━━━
📅 Generated: 04/02/2026 | NBA, NHL — **20** games today

🏆 **TOP PROPS (4-Leg Parlay)**
━━━━━━━━━━━━━━━━━━━━━━━━━━━━━━━━━━━━━━━━
1. LaMelo Ball (CHA) - **OVER** points 23.5 @ -110
2. Miles Bridges (CHA) - **OVER** rebounds 5.5 @ -110
3. Kevin Durant (PHX) - **UNDER** points 26.5 @ -110
4. Devin Booker (PHX) - **UNDER** threes 3.5 @ -110

📈 Odds: **+1228** | 🎯 **68%** confidence

🏆 **GAME WINNERS (4-Leg Parlay)**
━━━━━━━━━━━━━━━━━━━━━━━━━━━━━━━━━━━━━━━━
1. CHA vs PHX - **CHA**  @ -150
2. DET vs MIN - **DET** (-4.5) @ -110
3. OKC vs LAL - **OKC** (-1.5) @ -110
4. GS vs CLE - **GS**  @ -150

📈 Odds: **+912** | 🎯 **68%** confidence

━━━━━━━━━━━━━━━━━━━━━━━━━━━━━━━━━━━━━━━━
⚠️ _Do your own homework. Uncle Vito don't miss._
📡 Fetching game data from ESPN...
🎯 Building props parlay...
🏆 Building winners parlay...

🍝 **UNCLE VITO'S BETTING REPORT** 🍝
━━━━━━━━━━━━━━━━━━━━━━━━━━━━━━━━━━━━━━━━
📅 Generated: 04/02/2026 | NBA, NHL — **20** games today

🏆 **TOP PROPS (4-Leg Parlay)**
━━━━━━━━━━━━━━━━━━━━━━━━━━━━━━━━━━━━━━━━
1. LaMelo Ball (CHA) - **OVER** points 23.5 @ -110
2. Miles Bridges (CHA) - **OVER** rebounds 5.5 @ -110
3. Kevin Durant (PHX) - **OVER** points 26.5 @ -110
4. Devin Booker (PHX) - **OVER** threes 3.5 @ -110

📈 Odds: **+1228** | 🎯 **68%** confidence

🏆 **GAME WINNERS (4-Leg Parlay)**
━━━━━━━━━━━━━━━━━━━━━━━━━━━━━━━━━━━━━━━━
1. CHA vs PHX - **CHA**  @ -150
2. MIN vs DET - **MIN**  @ 130
3. LAL vs OKC - **LAL**  @ 130
4. GS vs CLE - **GS** (-1.5) @ -110

📈 Odds: **+1583** | 🎯 **68%** confidence

━━━━━━━━━━━━━━━━━━━━━━━━━━━━━━━━━━━━━━━━
⚠️ _Do your own homework. Uncle Vito don't miss._
📡 Fetching game data from ESPN...
🎯 Building props parlay...
🏆 Building winners parlay...

🍝 **UNCLE VITO'S BETTING REPORT** 🍝
━━━━━━━━━━━━━━━━━━━━━━━━━━━━━━━━━━━━━━━━
📅 Generated: 04/02/2026 | NBA, NHL — **20** games today

🏆 **TOP PROPS (4-Leg Parlay)**
━━━━━━━━━━━━━━━━━━━━━━━━━━━━━━━━━━━━━━━━
1. LaMelo Ball (CHA) - **UNDER** points 23.5 @ -110
2. Miles Bridges (CHA) - **UNDER** rebounds 5.5 @ -110
3. Kevin Durant (PHX) - **OVER** points 26.5 @ -110
4. Devin Booker (PHX) - **OVER** threes 3.5 @ -110

📈 Odds: **+1228** | 🎯 **68%** confidence

🏆 **GAME WINNERS (4-Leg Parlay)**
━━━━━━━━━━━━━━━━━━━━━━━━━━━━━━━━━━━━━━━━
1. PHX vs CHA - **PHX**  @ 130
2. DET vs MIN - **DET**  @ -150
3. OKC vs LAL - **OKC** (-1.5) @ -110
4. CLE vs GS - **CLE**  @ 130

📈 Odds: **+1583** | 🎯 **68%** confidence

━━━━━━━━━━━━━━━━━━━━━━━━━━━━━━━━━━━━━━━━
⚠️ _Do your own homework. Uncle Vito don't miss._
📡 Fetching game data from ESPN...
🎯 Building props parlay...
🏆 Building winners parlay...

🍝 **UNCLE VITO'S BETTING REPORT** 🍝
━━━━━━━━━━━━━━━━━━━━━━━━━━━━━━━━━━━━━━━━
📅 Generated: 04/02/2026 | NBA, NHL — **20** games today

🏆 **TOP PROPS (4-Leg Parlay)**
━━━━━━━━━━━━━━━━━━━━━━━━━━━━━━━━━━━━━━━━
1. LaMelo Ball (CHA) - **OVER** points 23.5 @ -110
2. Miles Bridges (CHA) - **OVER** rebounds 5.5 @ -110
3. Kevin Durant (PHX) - **OVER** points 26.5 @ -110
4. Devin Booker (PHX) - **OVER** threes 3.5 @ -110

📈 Odds: **+1228** | 🎯 **68%** confidence

🏆 **GAME WINNERS (4-Leg Parlay)**
━━━━━━━━━━━━━━━━━━━━━━━━━━━━━━━━━━━━━━━━
1. CHA vs PHX - **CHA**  @ -150
2. DET vs MIN - **DET** (-5.5) @ -110
3. LAL vs OKC - **LAL**  @ 130
4. CLE vs GS - **CLE** (-5.5) @ -110

📈 Odds: **+1297** | 🎯 **68%** confidence

━━━━━━━━━━━━━━━━━━━━━━━━━━━━━━━━━━━━━━━━
⚠️ _Do your own homework. Uncle Vito don't miss._
