Kalshi Market Scanner starting...
Current 15-min window: 23:30 - 23:45 UTC
Checking tickers: ['26APR012330-00', '26APR012345-00', '26APR020000-00', '26APR020015-00']

Scanning all series...

No active markets found.

Saved to /home/ubuntu/.openclaw/workspace/workers/scanner/../data/live_markets.json
Kalshi Market Scanner starting...
Current 15-min window: 23:45 - 00:00 UTC
Checking tickers: ['26APR012345-00', '26APR020000-00', '26APR020015-00', '26APR020030-00']

Scanning all series...

SCAN RESULTS - 2026-04-01 23:45 UTC
============================================================

BTC (KXBTC15M):
  KXBTC15M-26APR012000-00 | active | YES: $0.54

ETH (KXETH15M):
  KXETH15M-26APR012000-00 | active | YES: $0.48

SOL (KXSOL15M):
  KXSOL15M-26APR012000-00 | active | YES: $0.67

XRP (KXXRP15M):
  KXXRP15M-26APR012000-00 | active | YES: $0.67

============================================================
Total tradeable markets: 4

Saved to /home/ubuntu/.openclaw/workspace/workers/scanner/../data/live_markets.json
Kalshi Market Scanner starting...
Current 15-min window: 00:00 - 00:15 UTC
Checking tickers: ['26APR020000-00', '26APR020015-00', '26APR020030-00', '26APR020045-00']

Scanning all series...

SCAN RESULTS - 2026-04-02 00:00 UTC
============================================================

BTC (KXBTC15M):
  KXBTC15M-26APR012015-15 | active | YES: $0.54

ETH (KXETH15M):
  KXETH15M-26APR012015-15 | active | YES: $0.58

SOL (KXSOL15M):
  KXSOL15M-26APR012015-15 | active | YES: $0.67

XRP (KXXRP15M):
  KXXRP15M-26APR012015-15 | active | YES: $0.67

HYPE (KXHYPE15M):
  KXHYPE15M-26APR012015-15 | active | YES: $0.99

============================================================
Total tradeable markets: 5

Saved to /home/ubuntu/.openclaw/workspace/workers/scanner/../data/live_markets.json
Kalshi Market Scanner starting...
Current 15-min window: 00:15 - 00:30 UTC
Checking tickers: ['26APR020015-00', '26APR020030-00', '26APR020045-00', '26APR020100-00']

Scanning all series...

No tradeable markets found.

Saved to /home/ubuntu/.openclaw/workspace/workers/scanner/../data/live_markets.json
Kalshi Market Scanner starting...
Current 15-min window: 00:30 - 00:45 UTC
Checking tickers: ['26APR020030-00', '26APR020045-00', '26APR020100-00', '26APR020115-00']

Scanning all series...

No tradeable markets found.

Saved to /home/ubuntu/.openclaw/workspace/workers/scanner/../data/live_markets.json
Kalshi Market Scanner starting...
Current 15-min window: 00:45 - 01:00 UTC
Checking tickers: ['26APR020045-00', '26APR020100-00', '26APR020115-00', '26APR020130-00']

Scanning all series...

No tradeable markets found.

Saved to /home/ubuntu/.openclaw/workspace/workers/scanner/../data/live_markets.json
Kalshi Market Scanner starting...
Current 15-min window: 01:00 - 01:15 UTC
Checking tickers: ['26APR020100-00', '26APR020115-00', '26APR020130-00', '26APR020145-00']

Scanning all series...

No tradeable markets found.

Saved to /home/ubuntu/.openclaw/workspace/workers/scanner/../data/live_markets.json
Kalshi Market Scanner starting...
Current 15-min window: 01:15 - 01:30 UTC
Checking tickers: ['26APR020115-00', '26APR020130-00', '26APR020145-00', '26APR020200-00']

Scanning all series...

No tradeable markets found.

Saved to /home/ubuntu/.openclaw/workspace/workers/scanner/../data/live_markets.json
Kalshi Market Scanner starting...
Current 15-min window: 01:30 - 01:45 UTC
Checking tickers: ['26APR020130-00', '26APR020145-00', '26APR020200-00', '26APR020215-00']

Scanning all series...

No tradeable markets found.

Saved to /home/ubuntu/.openclaw/workspace/workers/scanner/../data/live_markets.json
Kalshi Market Scanner starting...
Current 15-min window: 01:45 - 02:00 UTC
Checking tickers: ['26APR020145-00', '26APR020200-00', '26APR020215-00', '26APR020230-00']

Scanning all series...

No tradeable markets found.

Saved to /home/ubuntu/.openclaw/workspace/workers/scanner/../data/live_markets.json
Kalshi Market Scanner starting...
Current 15-min window: 02:00 - 02:15 UTC
Checking tickers: ['26APR020200-00', '26APR020215-00', '26APR020230-00', '26APR020245-00']

Scanning all series...

No tradeable markets found.

Saved to /home/ubuntu/.openclaw/workspace/workers/scanner/../data/live_markets.json
Kalshi Market Scanner starting...
Current 15-min window: 02:15 - 02:30 UTC
Checking tickers: ['26APR020215-00', '26APR020230-00', '26APR020245-00', '26APR020300-00']

Scanning all series...

No tradeable markets found.

Saved to /home/ubuntu/.openclaw/workspace/workers/scanner/../data/live_markets.json
Kalshi Market Scanner starting...
Current 15-min window: 02:30 - 02:45 UTC
Checking tickers: ['26APR020230-00', '26APR020245-00', '26APR020300-00', '26APR020315-00']

Scanning all series...

No tradeable markets found.

Saved to /home/ubuntu/.openclaw/workspace/workers/scanner/../data/live_markets.json
Kalshi Market Scanner starting...
Current 15-min window: 02:45 - 03:00 UTC
Checking tickers: ['26APR020245-00', '26APR020300-00', '26APR020315-00', '26APR020330-00']

Scanning all series...

No tradeable markets found.

Saved to /home/ubuntu/.openclaw/workspace/workers/scanner/../data/live_markets.json
Kalshi Market Scanner starting...
Current 15-min window: 03:00 - 03:15 UTC
Checking tickers: ['26APR020300-00', '26APR020315-00', '26APR020330-00', '26APR020345-00']

Scanning all series...

No tradeable markets found.

Saved to /home/ubuntu/.openclaw/workspace/workers/scanner/../data/live_markets.json
Kalshi Market Scanner starting...
Current 15-min window: 03:15 - 03:30 UTC
Checking tickers: ['26APR020315-00', '26APR020330-00', '26APR020345-00', '26APR020400-00']

Scanning all series...

No tradeable markets found.

Saved to /home/ubuntu/.openclaw/workspace/workers/scanner/../data/live_markets.json
Kalshi Market Scanner starting...
Current 15-min window: 03:30 - 03:45 UTC
Checking tickers: ['26APR020330-00', '26APR020345-00', '26APR020400-00', '26APR020415-00']

Scanning all series...

No tradeable markets found.

Saved to /home/ubuntu/.openclaw/workspace/workers/scanner/../data/live_markets.json
Kalshi Market Scanner starting...
Current 15-min window: 03:45 - 04:00 UTC
Checking tickers: ['26APR020345-00', '26APR020400-00', '26APR020415-00', '26APR020430-00']

Scanning all series...

No tradeable markets found.

Saved to /home/ubuntu/.openclaw/workspace/workers/scanner/../data/live_markets.json
Kalshi Market Scanner starting...
Current 15-min window: 04:00 - 04:15 UTC
Checking tickers: ['26APR020400-00', '26APR020415-00', '26APR020430-00', '26APR020445-00']

Scanning all series...

No tradeable markets found.

Saved to /home/ubuntu/.openclaw/workspace/workers/scanner/../data/live_markets.json
Kalshi Market Scanner starting...
Current 15-min window: 04:15 - 04:30 UTC
Checking tickers: ['26APR020415-00', '26APR020430-00', '26APR020445-00', '26APR020500-00']

Scanning all series...

No tradeable markets found.

Saved to /home/ubuntu/.openclaw/workspace/workers/scanner/../data/live_markets.json
Kalshi Market Scanner starting...
Current 15-min window: 04:30 - 04:45 UTC
Checking tickers: ['26APR020430-00', '26APR020445-00', '26APR020500-00', '26APR020515-00']

Scanning all series...

No tradeable markets found.

Saved to /home/ubuntu/.openclaw/workspace/workers/scanner/../data/live_markets.json
Kalshi Market Scanner starting...
Current 15-min window: 04:45 - 05:00 UTC
Checking tickers: ['26APR020445-00', '26APR020500-00', '26APR020515-00', '26APR020530-00']

Scanning all series...

No tradeable markets found.

Saved to /home/ubuntu/.openclaw/workspace/workers/scanner/../data/live_markets.json
Kalshi Market Scanner starting...
Current 15-min window: 05:00 - 05:15 UTC
Checking tickers: ['26APR020500-00', '26APR020515-00', '26APR020530-00', '26APR020545-00']

Scanning all series...

No tradeable markets found.

Saved to /home/ubuntu/.openclaw/workspace/workers/scanner/../data/live_markets.json
Kalshi Market Scanner starting...
Current 15-min window: 05:15 - 05:30 UTC
Checking tickers: ['26APR020515-00', '26APR020530-00', '26APR020545-00', '26APR020600-00']

Scanning all series...

No tradeable markets found.

Saved to /home/ubuntu/.openclaw/workspace/workers/scanner/../data/live_markets.json
Kalshi Market Scanner starting...
Current 15-min window: 05:30 - 05:45 UTC
Checking tickers: ['26APR020530-00', '26APR020545-00', '26APR020600-00', '26APR020615-00']

Scanning all series...

No tradeable markets found.

Saved to /home/ubuntu/.openclaw/workspace/workers/scanner/../data/live_markets.json
Kalshi Market Scanner starting...
Current 15-min window: 05:45 - 06:00 UTC
Checking tickers: ['26APR020545-00', '26APR020600-00', '26APR020615-00', '26APR020630-00']

Scanning all series...

No tradeable markets found.

Saved to /home/ubuntu/.openclaw/workspace/workers/scanner/../data/live_markets.json
Kalshi Market Scanner starting...
Current 15-min window: 06:00 - 06:15 UTC
Checking tickers: ['26APR020600-00', '26APR020615-00', '26APR020630-00', '26APR020645-00']

Scanning all series...

No tradeable markets found.

Saved to /home/ubuntu/.openclaw/workspace/workers/scanner/../data/live_markets.json
Kalshi Market Scanner starting...
Current 15-min window: 06:15 - 06:30 UTC
Checking tickers: ['26APR020615-00', '26APR020630-00', '26APR020645-00', '26APR020700-00']

Scanning all series...

No tradeable markets found.

Saved to /home/ubuntu/.openclaw/workspace/workers/scanner/../data/live_markets.json
Kalshi Market Scanner starting...
Current 15-min window: 06:30 - 06:45 UTC
Checking tickers: ['26APR020630-00', '26APR020645-00', '26APR020700-00', '26APR020715-00']

Scanning all series...

No tradeable markets found.

Saved to /home/ubuntu/.openclaw/workspace/workers/scanner/../data/live_markets.json
Kalshi Market Scanner starting...
Current 15-min window: 06:45 - 07:00 UTC
Checking tickers: ['26APR020645-00', '26APR020700-00', '26APR020715-00', '26APR020730-00']

Scanning all series...

No tradeable markets found.

Saved to /home/ubuntu/.openclaw/workspace/workers/scanner/../data/live_markets.json
Kalshi Market Scanner starting...
Current 15-min window: 07:00 - 07:15 UTC
Checking tickers: ['26APR020700-00', '26APR020715-00', '26APR020730-00', '26APR020745-00']

Scanning all series...

No tradeable markets found.

Saved to /home/ubuntu/.openclaw/workspace/workers/scanner/../data/live_markets.json
Kalshi Market Scanner starting...
Current 15-min window: 07:15 - 07:30 UTC
Checking tickers: ['26APR020715-00', '26APR020730-00', '26APR020745-00', '26APR020800-00']

Scanning all series...

No tradeable markets found.

Saved to /home/ubuntu/.openclaw/workspace/workers/scanner/../data/live_markets.json
Kalshi Market Scanner starting...
Current 15-min window: 07:30 - 07:45 UTC
Checking tickers: ['26APR020730-00', '26APR020745-00', '26APR020800-00', '26APR020815-00']

Scanning all series...

No tradeable markets found.

Saved to /home/ubuntu/.openclaw/workspace/workers/scanner/../data/live_markets.json
Kalshi Market Scanner starting...
Current 15-min window: 07:45 - 08:00 UTC
Checking tickers: ['26APR020745-00', '26APR020800-00', '26APR020815-00', '26APR020830-00']

Scanning all series...

No tradeable markets found.

Saved to /home/ubuntu/.openclaw/workspace/workers/scanner/../data/live_markets.json
Kalshi Market Scanner starting...
Current 15-min window: 08:00 - 08:15 UTC
Checking tickers: ['26APR020800-00', '26APR020815-00', '26APR020830-00', '26APR020845-00']

Scanning all series...

No tradeable markets found.

Saved to /home/ubuntu/.openclaw/workspace/workers/scanner/../data/live_markets.json
Kalshi Market Scanner starting...
Current 15-min window: 08:15 - 08:30 UTC
Checking tickers: ['26APR020815-00', '26APR020830-00', '26APR020845-00', '26APR020900-00']

Scanning all series...

No tradeable markets found.

Saved to /home/ubuntu/.openclaw/workspace/workers/scanner/../data/live_markets.json
Kalshi Market Scanner starting...
Current 15-min window: 08:30 - 08:45 UTC
Checking tickers: ['26APR020830-00', '26APR020845-00', '26APR020900-00', '26APR020915-00']

Scanning all series...

No tradeable markets found.

Saved to /home/ubuntu/.openclaw/workspace/workers/scanner/../data/live_markets.json
Kalshi Market Scanner starting...
Current 15-min window: 08:45 - 09:00 UTC
Checking tickers: ['26APR020845-00', '26APR020900-00', '26APR020915-00', '26APR020930-00']

Scanning all series...

No tradeable markets found.

Saved to /home/ubuntu/.openclaw/workspace/workers/scanner/../data/live_markets.json
Kalshi Market Scanner starting...
Current 15-min window: 09:00 - 09:15 UTC
Checking tickers: ['26APR020900-00', '26APR020915-00', '26APR020930-00', '26APR020945-00']

Scanning all series...

No tradeable markets found.

Saved to /home/ubuntu/.openclaw/workspace/workers/scanner/../data/live_markets.json
Kalshi Market Scanner starting...
Current 15-min window: 09:15 - 09:30 UTC
Checking tickers: ['26APR020915-00', '26APR020930-00', '26APR020945-00', '26APR021000-00']

Scanning all series...

No tradeable markets found.

Saved to /home/ubuntu/.openclaw/workspace/workers/scanner/../data/live_markets.json
Kalshi Market Scanner starting...
Current 15-min window: 09:30 - 09:45 UTC
Checking tickers: ['26APR020930-00', '26APR020945-00', '26APR021000-00', '26APR021015-00']

Scanning all series...

No tradeable markets found.

Saved to /home/ubuntu/.openclaw/workspace/workers/scanner/../data/live_markets.json
Kalshi Market Scanner starting...
Current 15-min window: 09:45 - 10:00 UTC
Checking tickers: ['26APR020945-00', '26APR021000-00', '26APR021015-00', '26APR021030-00']

Scanning all series...

No tradeable markets found.

Saved to /home/ubuntu/.openclaw/workspace/workers/scanner/../data/live_markets.json
Kalshi Market Scanner starting...
Current 15-min window: 10:00 - 10:15 UTC
Checking tickers: ['26APR021000-00', '26APR021015-00', '26APR021030-00', '26APR021045-00']

Scanning all series...

No tradeable markets found.

Saved to /home/ubuntu/.openclaw/workspace/workers/scanner/../data/live_markets.json
Kalshi Market Scanner starting...
Current 15-min window: 10:15 - 10:30 UTC
Checking tickers: ['26APR021015-00', '26APR021030-00', '26APR021045-00', '26APR021100-00']

Scanning all series...

No tradeable markets found.

Saved to /home/ubuntu/.openclaw/workspace/workers/scanner/../data/live_markets.json
Kalshi Market Scanner starting...
Current 15-min window: 10:30 - 10:45 UTC
Checking tickers: ['26APR021030-00', '26APR021045-00', '26APR021100-00', '26APR021115-00']

Scanning all series...

No tradeable markets found.

Saved to /home/ubuntu/.openclaw/workspace/workers/scanner/../data/live_markets.json
Kalshi Market Scanner starting...
Current 15-min window: 10:45 - 11:00 UTC
Checking tickers: ['26APR021045-00', '26APR021100-00', '26APR021115-00', '26APR021130-00']

Scanning all series...

No tradeable markets found.

Saved to /home/ubuntu/.openclaw/workspace/workers/scanner/../data/live_markets.json
Kalshi Market Scanner starting...
Current 15-min window: 11:00 - 11:15 UTC
Checking tickers: ['26APR021100-00', '26APR021115-00', '26APR021130-00', '26APR021145-00']

Scanning all series...

No tradeable markets found.

Saved to /home/ubuntu/.openclaw/workspace/workers/scanner/../data/live_markets.json
Kalshi Market Scanner starting...
Current 15-min window: 11:15 - 11:30 UTC
Checking tickers: ['26APR021115-00', '26APR021130-00', '26APR021145-00', '26APR021200-00']

Scanning all series...

No tradeable markets found.

Saved to /home/ubuntu/.openclaw/workspace/workers/scanner/../data/live_markets.json
Kalshi Market Scanner starting...
Current 15-min window: 11:30 - 11:45 UTC
Checking tickers: ['26APR021130-00', '26APR021145-00', '26APR021200-00', '26APR021215-00']

Scanning all series...

No tradeable markets found.

Saved to /home/ubuntu/.openclaw/workspace/workers/scanner/../data/live_markets.json
Kalshi Market Scanner starting...
Current 15-min window: 11:45 - 12:00 UTC
Checking tickers: ['26APR021145-00', '26APR021200-00', '26APR021215-00', '26APR021230-00']

Scanning all series...

No tradeable markets found.

Saved to /home/ubuntu/.openclaw/workspace/workers/scanner/../data/live_markets.json
